<!DOCTYPE html>
<html data-ng-app="myApp">

<head>
    <meta http-equiv="Content-type" content="text/html; charset=utf-8">
    <title>fixture</title>

</head>

<body>

</body>

</html>
